// Jest Snapshot v1, https://goo.gl/fbAQLP

exports[`addAssetToConsignmentSubmission creates a submission and returns its new data payload 1`] = `
Object {
  "addAssetToConsignmentSubmission": Object {
    "asset": Object {
      "gemini_token": "12345",
      "submission_id": "123",
    },
  },
}
`;
