// Jest Snapshot v1, https://goo.gl/fbAQLP

exports[`submissions asks for a user's submissions 1`] = `
Object {
  "me": Object {
    "consignment_submissions": Object {
      "edges": Array [
        Object {
          "node": Object {
            "artist": Object {
              "name": "Larissa Croft",
            },
            "artist_id": "123",
            "authenticity_certificate": true,
            "id": "106",
            "title": "The best photo yet",
          },
        },
      ],
    },
  },
}
`;
