// Jest Snapshot v1, https://goo.gl/fbAQLP

exports[`addAssetToConsignmentSubmission creates a submission and returns its new data payload 1`] = `
Object {
  "requestCredentialsForAssetUpload": Object {
    "asset": Object {
      "credentials": "AKIA123456789",
      "policy_encoded": "12345==",
      "signature": "12345=",
    },
  },
}
`;
