// Jest Snapshot v1, https://goo.gl/fbAQLP

exports[`Collections Handles getting collection metadata returns artworks for a collection 1`] = `
Object {
  "collection": Object {
    "artworksConnection": Object {
      "edges": Array [
        Object {
          "node": Object {
            "slug": "nino-cais-pera-do-vento-wind-opera",
            "title": "Ã“pera do vento [Wind opera]",
          },
        },
        Object {
          "node": Object {
            "slug": "ivan-navarro-tuning",
            "title": "Tuning",
          },
        },
        Object {
          "node": Object {
            "slug": "jana-paleckova-untitled-2",
            "title": "Untitled",
          },
        },
        Object {
          "node": Object {
            "slug": "jana-paleckova-untitled-one-eyed-skull",
            "title": "Untitled (One Eyed Skull)",
          },
        },
      ],
    },
  },
}
`;

exports[`Collections Handles getting collection metadata returns collection metadata 1`] = `
Object {
  "collection": Object {
    "default": true,
    "name": "Saved Artwork",
    "private": false,
  },
}
`;
