// Jest Snapshot v1, https://goo.gl/fbAQLP

exports[`GeneFamilies returns a list of gene families 1`] = `
Object {
  "geneFamilies": Object {
    "edges": Array [
      Object {
        "node": Object {
          "name": "Design Concepts and Techniques",
          "slug": "design-concepts-and-techniques",
        },
      },
      Object {
        "node": Object {
          "name": "Furniture & Lighting",
          "slug": "furniture-and-lighting",
        },
      },
    ],
  },
}
`;
