// Jest Snapshot v1, https://goo.gl/fbAQLP

exports[`Filter Sale Artworks sale_artworks_connection filters artworks based on aggregations and returns pageable collection 1`] = `
Object {
  "filter_sale_artworks": Object {
    "counts": Object {
      "followed_artists": 3,
      "total": 3,
    },
    "sale_artworks_connection": Object {
      "edges": Array [
        Object {
          "cursor": "YXJyYXljb25uZWN0aW9uOjA=",
          "node": Object {
            "id": "christopher-anderson-reflection-in-window-in-altamira-caracas-venezuela",
          },
        },
        Object {
          "cursor": "YXJyYXljb25uZWN0aW9uOjE=",
          "node": Object {
            "id": "eduardo-abaroa-insercion-arqueologica-285-1",
          },
        },
        Object {
          "cursor": "YXJyYXljb25uZWN0aW9uOjI=",
          "node": Object {
            "id": "francis-alys-the-modern-procession",
          },
        },
      ],
      "pageInfo": Object {
        "hasNextPage": false,
      },
    },
  },
}
`;
