// Jest Snapshot v1, https://goo.gl/fbAQLP

exports[`GeneFamilies returns a list of gene families 1`] = `
Object {
  "gene_families": Object {
    "edges": Array [
      Object {
        "node": Object {
          "id": "design-concepts-and-techniques",
          "name": "Design Concepts and Techniques",
        },
      },
      Object {
        "node": Object {
          "id": "furniture-and-lighting",
          "name": "Furniture & Lighting",
        },
      },
    ],
  },
}
`;
