// Jest Snapshot v1, https://goo.gl/fbAQLP

exports[`returns artists for a user 1`] = `
{
  "me": {
    "followsAndSaves": {
      "artistsConnection": {
        "edges": [
          {
            "node": {
              "artist": {
                "name": "Bradley Theodore",
                "slug": "bradley-theodore",
              },
            },
          },
        ],
      },
    },
  },
}
`;
