// Jest Snapshot v1, https://goo.gl/fbAQLP

exports[`returns artworks for a collection 1`] = `
{
  "me": {
    "followsAndSaves": {
      "genesConnection": {
        "edges": [
          {
            "node": {
              "gene": {
                "name": "Engaged with Traditional African Art",
                "slug": "engaged-with-traditional-african-art",
              },
            },
          },
        ],
      },
    },
  },
}
`;
