// Jest Snapshot v1, https://goo.gl/fbAQLP

exports[`returns followed shows for a user relies on the state of cityData 1`] = `
Object {
  "lat": Any<Number>,
  "lng": Any<Number>,
  "name": Any<String>,
  "slug": Any<String>,
}
`;

exports[`returns followed shows for a user relies on the state of cityData 2`] = `
Object {
  "lat": Any<Number>,
  "lng": Any<Number>,
  "name": Any<String>,
  "slug": Any<String>,
}
`;

exports[`returns followed shows for a user relies on the state of cityData 3`] = `
Object {
  "lat": Any<Number>,
  "lng": Any<Number>,
  "name": Any<String>,
  "slug": Any<String>,
}
`;

exports[`returns followed shows for a user relies on the state of cityData 4`] = `
Object {
  "lat": Any<Number>,
  "lng": Any<Number>,
  "name": Any<String>,
  "slug": Any<String>,
}
`;

exports[`returns followed shows for a user relies on the state of cityData 5`] = `
Object {
  "lat": Any<Number>,
  "lng": Any<Number>,
  "name": Any<String>,
  "slug": Any<String>,
}
`;

exports[`returns followed shows for a user relies on the state of cityData 6`] = `
Object {
  "lat": Any<Number>,
  "lng": Any<Number>,
  "name": Any<String>,
  "slug": Any<String>,
}
`;
