// Jest Snapshot v1, https://goo.gl/fbAQLP

exports[`returns artworks for a collection 1`] = `
Object {
  "me": Object {
    "followed_genes": Object {
      "edges": Array [
        Object {
          "node": Object {
            "gene": Object {
              "id": "engaged-with-traditional-african-art",
              "name": "Engaged with Traditional African Art",
            },
          },
        },
      ],
    },
  },
}
`;
